The sloth is hanging from the tree and has curly hair.